Archive member included to satisfy reference by file (symbol)

c:/program files (x86)/atmel/studio/7.0/toolchain/avr8/avr8-gnu-toolchain/bin/../lib/gcc/avr/5.4.0/../../../../avr/lib/avr5\libm.a(fixunssfsi.o)
                              firmware.o (__fixunssfsi)
c:/program files (x86)/atmel/studio/7.0/toolchain/avr8/avr8-gnu-toolchain/bin/../lib/gcc/avr/5.4.0/../../../../avr/lib/avr5\libm.a(floatsisf.o)
                              firmware.o (__floatunsisf)
c:/program files (x86)/atmel/studio/7.0/toolchain/avr8/avr8-gnu-toolchain/bin/../lib/gcc/avr/5.4.0/../../../../avr/lib/avr5\libm.a(fp_split3.o)
                              c:/program files (x86)/atmel/studio/7.0/toolchain/avr8/avr8-gnu-toolchain/bin/../lib/gcc/avr/5.4.0/../../../../avr/lib/avr5\libm.a(fixunssfsi.o) (__fp_splitA)
c:/program files (x86)/atmel/studio/7.0/toolchain/avr8/avr8-gnu-toolchain/bin/../lib/gcc/avr/5.4.0/../../../../avr/lib/avr5\libm.a(fp_zero.o)
                              c:/program files (x86)/atmel/studio/7.0/toolchain/avr8/avr8-gnu-toolchain/bin/../lib/gcc/avr/5.4.0/../../../../avr/lib/avr5\libm.a(fixunssfsi.o) (__fp_zero)
C:\Users\James\Documents\Atmel Studio\7.0\arduinoCore328\libcore.a(HardwareSerial.cpp.o)
                              SdFile.o (_ZN14HardwareSerial5writeEh)
C:\Users\James\Documents\Atmel Studio\7.0\arduinoCore328\libcore.a(HardwareSerial0.cpp.o)
                              SdFile.o (Serial)
C:\Users\James\Documents\Atmel Studio\7.0\arduinoCore328\libcore.a(Print.cpp.o)
                              SdFile.o (_ZN5Print5writeEPKhj)
C:\Users\James\Documents\Atmel Studio\7.0\arduinoCore328\libcore.a(Stream.cpp.o)
                              firmware.o (_ZN6Stream9readBytesEPcj)
C:\Users\James\Documents\Atmel Studio\7.0\arduinoCore328\libcore.a(WString.cpp.o)
                              Stream.cpp.o (symbol from plugin) (_ZN6StringC1EPKc)
C:\Users\James\Documents\Atmel Studio\7.0\arduinoCore328\libcore.a(abi.cpp.o)
                              HardwareSerial0.cpp.o (symbol from plugin) (__cxa_pure_virtual)
C:\Users\James\Documents\Atmel Studio\7.0\arduinoCore328\libcore.a(wiring.c.o)
                              Sd2Card.o (millis)
C:\Users\James\Documents\Atmel Studio\7.0\arduinoCore328\libcore.a(wiring_digital.c.o)
                              SPI.o (pinMode)
C:\Users\James\Documents\Atmel Studio\7.0\arduinoCore328\libcore.a(hooks.c.o)
                              wiring.c.o (symbol from plugin) (yield)
c:/program files (x86)/atmel/studio/7.0/toolchain/avr8/avr8-gnu-toolchain/bin/../lib/gcc/avr/5.4.0/avr5\libgcc.a(_mulsi3.o)
                              firmware.o (__mulsi3)
c:/program files (x86)/atmel/studio/7.0/toolchain/avr8/avr8-gnu-toolchain/bin/../lib/gcc/avr/5.4.0/avr5\libgcc.a(_udivmodqi4.o)
                              SdFile.o (__udivmodqi4)
c:/program files (x86)/atmel/studio/7.0/toolchain/avr8/avr8-gnu-toolchain/bin/../lib/gcc/avr/5.4.0/avr5\libgcc.a(_udivmodsi4.o)
                              MsTimer/MsTimer.o (__udivmodsi4)
c:/program files (x86)/atmel/studio/7.0/toolchain/avr8/avr8-gnu-toolchain/bin/../lib/gcc/avr/5.4.0/avr5\libgcc.a(_exit.o)
                              c:/program files (x86)/atmel/studio/7.0/toolchain/avr8/avr8-gnu-toolchain/bin/../lib/gcc/avr/5.4.0/../../../../avr/lib/avr5/crtatmega328.o (exit)
c:/program files (x86)/atmel/studio/7.0/toolchain/avr8/avr8-gnu-toolchain/bin/../lib/gcc/avr/5.4.0/avr5\libgcc.a(_tablejump2.o)
                              firmware.o (__tablejump2__)
c:/program files (x86)/atmel/studio/7.0/toolchain/avr8/avr8-gnu-toolchain/bin/../lib/gcc/avr/5.4.0/avr5\libgcc.a(_copy_data.o)
                              File.o (__do_copy_data)
c:/program files (x86)/atmel/studio/7.0/toolchain/avr8/avr8-gnu-toolchain/bin/../lib/gcc/avr/5.4.0/avr5\libgcc.a(_clear_bss.o)
                              SPI.o (__do_clear_bss)
c:/program files (x86)/atmel/studio/7.0/toolchain/avr8/avr8-gnu-toolchain/bin/../lib/gcc/avr/5.4.0/avr5\libgcc.a(_ctors.o)
                              SD.o (__do_global_ctors)
c:/program files (x86)/atmel/studio/7.0/toolchain/avr8/avr8-gnu-toolchain/bin/../lib/gcc/avr/5.4.0/avr5\libgcc.a(_muluhisi3.o)
                              SdVolume.o (__muluhisi3)
c:/program files (x86)/atmel/studio/7.0/toolchain/avr8/avr8-gnu-toolchain/bin/../lib/gcc/avr/5.4.0/avr5\libgcc.a(_umulhisi3.o)
                              c:/program files (x86)/atmel/studio/7.0/toolchain/avr8/avr8-gnu-toolchain/bin/../lib/gcc/avr/5.4.0/avr5\libgcc.a(_muluhisi3.o) (__umulhisi3)
c:/program files (x86)/atmel/studio/7.0/toolchain/avr8/avr8-gnu-toolchain/bin/../lib/gcc/avr/5.4.0/../../../../avr/lib/avr5\libc.a(dtostrf.o)
                              WString.cpp.o (symbol from plugin) (dtostrf)
c:/program files (x86)/atmel/studio/7.0/toolchain/avr8/avr8-gnu-toolchain/bin/../lib/gcc/avr/5.4.0/../../../../avr/lib/avr5\libc.a(malloc.o)
                              File.o (malloc)
[...]
Memory Configuration

Name             Origin             Length             Attributes
text             0x00000000         0x00020000         xr
data             0x00800060         0x0000ffa0         rw !x
eeprom           0x00810000         0x00010000         rw !x
fuse             0x00820000         0x00000003         rw !x
lock             0x00830000         0x00000400         rw !x
signature        0x00840000         0x00000400         rw !x
user_signatures  0x00850000         0x00000400         rw !x
*default*        0x00000000         0xffffffff

Linker script and memory map

Address of section .data set to 0x800100
LOAD c:/program files (x86)/atmel/studio/7.0/toolchain/avr8/avr8-gnu-toolchain/bin/../lib/gcc/avr/5.4.0/../../../../avr/lib/avr5/crtatmega328.o
LOAD SPI.o
LOAD File.o
LOAD SD.o
LOAD Sd2Card.o
LOAD SdFile.o
LOAD SdVolume.o
LOAD firmware.o
LOAD MsTimer/MsTimer.o
LOAD StatusLeds/StatusLeds.o
LOAD Tlc5941/Tlc5941.o
LOAD C:\Users\James\AppData\Local\Temp\cco5nCQz.ltrans0.ltrans.o
START GROUP
LOAD c:/program files (x86)/atmel/studio/7.0/toolchain/avr8/avr8-gnu-toolchain/bin/../lib/gcc/avr/5.4.0/../../../../avr/lib/avr5\libm.a
LOAD C:\Users\James\Documents\Atmel Studio\7.0\arduinoCore328\libcore.a
END GROUP
LOAD c:/program files (x86)/atmel/studio/7.0/toolchain/avr8/avr8-gnu-toolchain/bin/../lib/gcc/avr/5.4.0/avr5\libgcc.a
LOAD c:/program files (x86)/atmel/studio/7.0/toolchain/avr8/avr8-gnu-toolchain/bin/../lib/gcc/avr/5.4.0/../../../../avr/lib/avr5\libm.a
START GROUP
LOAD c:/program files (x86)/atmel/studio/7.0/toolchain/avr8/avr8-gnu-toolchain/bin/../lib/gcc/avr/5.4.0/avr5\libgcc.a
LOAD c:/program files (x86)/atmel/studio/7.0/toolchain/avr8/avr8-gnu-toolchain/bin/../lib/gcc/avr/5.4.0/../../../../avr/lib/avr5\libm.a
LOAD c:/program files (x86)/atmel/studio/7.0/toolchain/avr8/avr8-gnu-toolchain/bin/../lib/gcc/avr/5.4.0/../../../../avr/lib/avr5\libc.a
LOAD c:/program files (x86)/atmel/studio/7.0/toolchain/avr8/avr8-gnu-toolchain/bin/../lib/gcc/avr/5.4.0/../../../../avr/lib/avr5\libatmega328.a
END GROUP
                0x00020000                __TEXT_REGION_LENGTH__ = DEFINED (__TEXT_REGION_LENGTH__)?__TEXT_REGION_LENGTH__:0x20000
                0x0000ffa0                __DATA_REGION_LENGTH__ = DEFINED (__DATA_REGION_LENGTH__)?__DATA_REGION_LENGTH__:0xffa0
                0x00010000                __EEPROM_REGION_LENGTH__ = DEFINED (__EEPROM_REGION_LENGTH__)?__EEPROM_REGION_LENGTH__:0x10000
                [0x00000003]                __FUSE_REGION_LENGTH__ = DEFINED (__FUSE_REGION_LENGTH__)?__FUSE_REGION_LENGTH__:0x400
                0x00000400                __LOCK_REGION_LENGTH__ = DEFINED (__LOCK_REGION_LENGTH__)?__LOCK_REGION_LENGTH__:0x400
                0x00000400                __SIGNATURE_REGION_LENGTH__ = DEFINED (__SIGNATURE_REGION_LENGTH__)?__SIGNATURE_REGION_LENGTH__:0x400
                0x00000400                __USER_SIGNATURE_REGION_LENGTH__ = DEFINED (__USER_SIGNATURE_REGION_LENGTH__)?__USER_SIGNATURE_REGION_LENGTH__:0x400

.hash
 *(.hash)

.dynsym
 *(.dynsym)

.dynstr
 *(.dynstr)

.gnu.version
 *(.gnu.version)

.gnu.version_d
 *(.gnu.version_d)

.gnu.version_r
 *(.gnu.version_r)

.rel.init
 *(.rel.init)

.rela.init
 *(.rela.init)

.rel.text
 *(.rel.text)
 *(.rel.text.*)
 *(.rel.gnu.linkonce.t*)

.rela.text
 *(.rela.text)
 *(.rela.text.*)
 *(.rela.gnu.linkonce.t*)

.rel.fini
 *(.rel.fini)

.rela.fini
 *(.rela.fini)

.rel.rodata
 *(.rel.rodata)
 *(.rel.rodata.*)
 *(.rel.gnu.linkonce.r*)

.rela.rodata
 *(.rela.rodata)
 *(.rela.rodata.*)
 *(.rela.gnu.linkonce.r*)

.rel.data
 *(.rel.data)
 *(.rel.data.*)
 *(.rel.gnu.linkonce.d*)

.rela.data
 *(.rela.data)
 *(.rela.data.*)
 *(.rela.gnu.linkonce.d*)

.rel.ctors
 *(.rel.ctors)

.rela.ctors
 *(.rela.ctors)

.rel.dtors
 *(.rel.dtors)

.rela.dtors
 *(.rela.dtors)

.rel.got
 *(.rel.got)

.rela.got
 *(.rela.got)

.rel.bss
 *(.rel.bss)

.rela.bss
 *(.rela.bss)

.rel.plt
 *(.rel.plt)

.rela.plt
 *(.rela.plt)

.text           0x00000000     0x3f50
 *(.vectors)
 .vectors       0x00000000       0x68 c:/program files (x86)/atmel/studio/7.0/toolchain/avr8/avr8-gnu-toolchain/bin/../lib/gcc/avr/5.4.0/../../../../avr/lib/avr5/crtatmega328.o
                0x00000000                __vector_default
                0x00000000                __vectors
 *(.vectors)
 *(.progmem.gcc*)
 .progmem.gcc_sw_table._Z16UpdateStatusLedsv
                0x00000068       0x10 firmware.o
                0x00000078                . = ALIGN (0x2)
                0x00000078                __trampolines_start = .
 *(.trampolines)
 .trampolines   0x00000078        0x0 linker stubs
 *(.trampolines*)
                0x00000078                __trampolines_end = .
 *libprintf_flt.a:*(.progmem.data)
 *libc.a:*(.progmem.data)
 *(.progmem*)
 .progmem.data._ZZN6SdFile10make83NameEPKcPhE3__c
                0x00000078       0x10 SdFile.o
 .progmem.data._ZL12well2channel
                0x00000088       0x60 firmware.o
 .progmem.data  0x000000e8       0x50 C:\Users\James\AppData\Local\Temp\cco5nCQz.ltrans0.ltrans.o
                0x000000e8                port_to_mode_PGM
                0x000000fc                digital_pin_to_port_PGM
                0x00000110                digital_pin_to_bit_mask_PGM
                0x00000138                . = ALIGN (0x2)
 *(.jumptables)
 *(.jumptables*)
 *(.lowtext)
 *(.lowtext*)
                0x00000138                __ctors_start = .
 *(.ctors)
 .ctors         0x00000138        0x2 SD.o
 .ctors         0x0000013a        0x2 Sd2Card.o
 .ctors         0x0000013c        0x2 C:\Users\James\AppData\Local\Temp\cco5nCQz.ltrans0.ltrans.o
                0x0000013e                __ctors_end = .
                0x0000013e                __dtors_start = .
 *(.dtors)
                0x0000013e                __dtors_end = .
 SORT(*)(.ctors)
 SORT(*)(.dtors)
 *(.init0)
 .init0         0x0000013e        0x0 c:/program files (x86)/atmel/studio/7.0/toolchain/avr8/avr8-gnu-toolchain/bin/../lib/gcc/avr/5.4.0/../../../../avr/lib/avr5/crtatmega328.o
                0x0000013e                __init
 *(.init0)
 *(.init1)
 *(.init1)
 *(.init2)
 .init2         0x0000013e        0xc c:/program files (x86)/atmel/studio/7.0/toolchain/avr8/avr8-gnu-toolchain/bin/../lib/gcc/avr/5.4.0/../../../../avr/lib/avr5/crtatmega328.o
 *(.init2)
 *(.init3)
 *(.init3)
 *(.init4)
 .init4         0x0000014a       0x16 c:/program files (x86)/atmel/studio/7.0/toolchain/avr8/avr8-gnu-toolchain/bin/../lib/gcc/avr/5.4.0/avr5\libgcc.a(_copy_data.o)
                0x0000014a                __do_copy_data
 .init4         0x00000160       0x10 c:/program files (x86)/atmel/studio/7.0/toolchain/avr8/avr8-gnu-toolchain/bin/../lib/gcc/avr/5.4.0/avr5\libgcc.a(_clear_bss.o)
                0x00000160                __do_clear_bss
 *(.init4)
 *(.init5)
 *(.init5)
 *(.init6)
 .init6         0x00000170       0x16 c:/program files (x86)/atmel/studio/7.0/toolchain/avr8/avr8-gnu-toolchain/bin/../lib/gcc/avr/5.4.0/avr5\libgcc.a(_ctors.o)
                0x00000170                __do_global_ctors
 *(.init6)
 *(.init7)
 *(.init7)
 *(.init8)
 *(.init8)
 *(.init9)
 .init9         0x00000186        0x8 c:/program files (x86)/atmel/studio/7.0/toolchain/avr8/avr8-gnu-toolchain/bin/../lib/gcc/avr/5.4.0/../../../../avr/lib/avr5/crtatmega328.o
 *(.init9)
 *(.text)
 .text          0x0000018e        0x4 c:/program files (x86)/atmel/studio/7.0/toolchain/avr8/avr8-gnu-toolchain/bin/../lib/gcc/avr/5.4.0/../../../../avr/lib/avr5/crtatmega328.o
                0x0000018e                __vector_22
                0x0000018e                __vector_1
                0x0000018e                __vector_24
                0x0000018e                __vector_12
                0x0000018e                __bad_interrupt
                0x0000018e                __vector_6
                0x0000018e                __vector_3
                0x0000018e                __vector_23
                0x0000018e                __vector_25
                0x0000018e                __vector_13
                0x0000018e                __vector_17
                0x0000018e                __vector_5
                0x0000018e                __vector_4
                0x0000018e                __vector_9
                0x0000018e                __vector_2
                0x0000018e                __vector_21
                0x0000018e                __vector_15
                0x0000018e                __vector_8
                0x0000018e                __vector_14
                0x0000018e                __vector_10
                0x0000018e                __vector_20
 .text          0x00000192      0x602 C:\Users\James\AppData\Local\Temp\cco5nCQz.ltrans0.ltrans.o
                0x00000192                _ZN5Print5writeEPKhj
                0x000002a4                _ZN14HardwareSerial5writeEh
                0x000003b0                digitalWrite
                0x0000044a                pinMode
                0x000004c2                millis
                0x000004da                __vector_16
                0x0000056e                _ZN6Stream9readBytesEPcj
                0x0000060a                _ZN5Print7printlnEv
                0x00000612                _ZN5Print5printEmi
                0x000006c6                _ZN5Print5printEji
                0x000006d2                _ZN5Print5printEc
                0x000006e0                _ZN5Print5printEPKc
                0x000006e4                __vector_19
                0x00000730                __vector_18
                0x00000794                . = ALIGN (0x2)
 *(.text.*)
 .text._ZN8SPIClass5beginEv
                0x00000794       0x6c SPI.o
                0x00000794                _ZN8SPIClass5beginEv
 .text._ZN5Print17availableForWriteEv
                0x00000800        0x6 File.o
                0x00000800                _ZN5Print17availableForWriteEv
 .text._ZN5Print5flushEv
                0x00000806        0x2 File.o
                0x00000806                _ZN5Print5flushEv
 .text._ZN5SDLib4File5writeEh
                0x00000808       0x2c File.o
                0x00000808                _ZN5SDLib4File5writeEh
 .text._ZN5SDLib4File5writeEPKhj
                0x00000834       0x38 File.o
                0x00000834                _ZN5SDLib4File5writeEPKhj
 .text._ZN5SDLib4File5flushEv
                0x0000086c       0x10 File.o
                0x0000086c                _ZN5SDLib4File5flushEv
 .text._ZN6SdFile4readEv
                0x0000087c       0x2e File.o
                0x0000087c                _ZN6SdFile4readEv
 .text._ZN5SDLib4File4readEv
                0x000008aa       0x14 File.o
                0x000008aa                _ZN5SDLib4File4readEv
 .text._ZN5SDLib4File4peekEv
                0x000008be       0x54 File.o
                0x000008be                _ZN5SDLib4File4peekEv
 .text._ZN5SDLib4FileC2E6SdFilePKc
                0x00000912       0x6a File.o
                0x00000912                _ZN5SDLib4FileC1E6SdFilePKc
                0x00000912                _ZN5SDLib4FileC2E6SdFilePKc
 .text._ZN5SDLib4FileC2Ev
                0x0000097c       0x26 File.o
                0x0000097c                _ZN5SDLib4FileC2Ev
                0x0000097c                _ZN5SDLib4FileC1Ev
 .text._ZN5SDLib4File4seekEm
                0x000009a2       0x1a File.o
                0x000009a2                _ZN5SDLib4File4seekEm
 .text._ZN5SDLib4File8positionEv
                0x000009bc       0x20 File.o
                0x000009bc                _ZN5SDLib4File8positionEv
 .text._ZN5SDLib4File4sizeEv
                0x000009dc       0x20 File.o
                0x000009dc                _ZN5SDLib4File4sizeEv
 .text._ZN5SDLib4File9availableEv
                0x000009fc       0x5e File.o
                0x000009fc                _ZN5SDLib4File9availableEv
 .text._ZN5SDLib4File5closeEv
                0x00000a5a       0x24 File.o
                0x00000a5a                _ZN5SDLib4File5closeEv
 .text._ZN5SDLib4FilecvbEv
                0x00000a7e       0x1a File.o
                0x00000a7e                _ZN5SDLib4FilecvbEv
 .text._ZN8SdVolume4initEP7Sd2Card
                0x00000a98       0x34 SD.o
                0x00000a98                _ZN8SdVolume4initEP7Sd2Card
 .text._ZN5SDLib7SDClass5beginEh
                0x00000acc       0x58 SD.o
                0x00000acc                _ZN5SDLib7SDClass5beginEh
 .text._ZN6SdFileC2ERKS_
                0x00000b24       0xa2 SD.o
                0x00000b24                _ZN6SdFileC1ERKS_
                0x00000b24                _ZN6SdFileC2ERKS_
 .text._ZN5SDLib7SDClass12getParentDirEPKcPi
                0x00000bc6      0x14a SD.o
                0x00000bc6                _ZN5SDLib7SDClass12getParentDirEPKcPi
 .text._ZN5SDLib7SDClass4openEPKch
                0x00000d10       0xee SD.o
                0x00000d10                _ZN5SDLib7SDClass4openEPKch
 .text.startup._GLOBAL__sub_I__ZN5SDLib20getNextPathComponentEPKcPjPc
                0x00000dfe       0x2e SD.o
 .text._ZN8SPIClass14endTransactionEv.part.3
                0x00000e2c       0x1a Sd2Card.o
 .text._ZN11SPISettingsC2Emhh
                0x00000e46       0x4a Sd2Card.o
                0x00000e46                _ZN11SPISettingsC1Emhh
                0x00000e46                _ZN11SPISettingsC2Emhh
 .text._ZN8SPIClass16beginTransactionE11SPISettings
                0x00000e90       0x34 Sd2Card.o
                0x00000e90                _ZN8SPIClass16beginTransactionE11SPISettings
 .text._ZN8SPIClass8transferEh
                0x00000ec4        0xe Sd2Card.o
                0x00000ec4                _ZN8SPIClass8transferEh
 .text._ZL6spiRecv
                0x00000ed2        0x6 Sd2Card.o
 .text._ZN7Sd2Card14chipSelectHighEv
                0x00000ed8       0x22 Sd2Card.o
                0x00000ed8                _ZN7Sd2Card14chipSelectHighEv
 .text._ZN7Sd2Card13chipSelectLowEv
                0x00000efa       0x2c Sd2Card.o
                0x00000efa                _ZN7Sd2Card13chipSelectLowEv
 .text._ZN7Sd2Card7readEndEv
                0x00000f26       0x34 Sd2Card.o
                0x00000f26                _ZN7Sd2Card7readEndEv
 .text._ZN7Sd2Card10setSckRateEh
                0x00000f5a       0xb4 Sd2Card.o
                0x00000f5a                _ZN7Sd2Card10setSckRateEh
 .text._ZN7Sd2Card11waitNotBusyEj
                0x0000100e       0x36 Sd2Card.o
                0x0000100e                _ZN7Sd2Card11waitNotBusyEj
 .text._ZN7Sd2Card11cardCommandEhm
                0x00001044       0x9e Sd2Card.o
                0x00001044                _ZN7Sd2Card11cardCommandEhm
 .text._ZN7Sd2Card4initEhh
                0x000010e2      0x1b2 Sd2Card.o
                0x000010e2                _ZN7Sd2Card4initEhh
 .text._ZN7Sd2Card14waitStartBlockEv
                0x00001294       0x4a Sd2Card.o
                0x00001294                _ZN7Sd2Card14waitStartBlockEv
 .text._ZN7Sd2Card8readDataEmjjPh.part.6
                0x000012de       0xf8 Sd2Card.o
 .text._ZN7Sd2Card8readDataEmjjPh
                0x000013d6       0x20 Sd2Card.o
                0x000013d6                _ZN7Sd2Card8readDataEmjjPh
 .text._ZN7Sd2Card9readBlockEmPh
                0x000013f6       0x20 Sd2Card.o
                0x000013f6                _ZN7Sd2Card9readBlockEmPh
 .text._ZN7Sd2Card9writeDataEhPKh
                0x00001416       0x60 Sd2Card.o
                0x00001416                _ZN7Sd2Card9writeDataEhPKh
 .text._ZN7Sd2Card10writeBlockEmPKh
                0x00001476       0x9c Sd2Card.o
                0x00001476                _ZN7Sd2Card10writeBlockEmPKh
 .text.startup._GLOBAL__sub_I__ZN7Sd2Card11cardCommandEhm
                0x00001512        0xc Sd2Card.o
 .text._ZN6SdFile10addClusterEv
                0x0000151e       0x4e SdFile.o
                0x0000151e                _ZN6SdFile10addClusterEv
 .text._ZN6SdFile13addDirClusterEv
                0x0000156c       0xc0 SdFile.o
                0x0000156c                _ZN6SdFile13addDirClusterEv
 .text._ZN6SdFile13cacheDirEntryEh
                0x0000162c       0x32 SdFile.o
                0x0000162c                _ZN6SdFile13cacheDirEntryEh
 .text._ZN6SdFile10make83NameEPKcPh
                0x0000165e       0x72 SdFile.o
                0x0000165e                _ZN6SdFile10make83NameEPKcPh
 .text._ZN6SdFile8openRootEP8SdVolume
                0x000016d0       0xa2 SdFile.o
                0x000016d0                _ZN6SdFile8openRootEP8SdVolume
 .text._ZN6SdFile4readEPvj
                0x00001772      0x20a SdFile.o
                0x00001772                _ZN6SdFile4readEPvj
 .text._ZN6SdFile12readDirCacheEv
                0x0000197c       0x92 SdFile.o
                0x0000197c                _ZN6SdFile12readDirCacheEv
 .text._ZN6SdFile7seekSetEm
                0x00001a0e      0x12e SdFile.o
                0x00001a0e                _ZN6SdFile7seekSetEm
 .text._ZN6SdFile4syncEv
                0x00001b3c       0x8e SdFile.o
                0x00001b3c                _ZN6SdFile4syncEv
 .text._ZN6SdFile5closeEv
                0x00001bca       0x18 SdFile.o
                0x00001bca                _ZN6SdFile5closeEv
 .text._ZN6SdFile8truncateEm
                0x00001be2      0x168 SdFile.o
                0x00001be2                _ZN6SdFile8truncateEm
 .text._ZN6SdFile15openCachedEntryEhh
                0x00001d4a       0xd0 SdFile.o
                0x00001d4a                _ZN6SdFile15openCachedEntryEhh
 .text._ZN6SdFile4openEPS_PKch
                0x00001e1a      0x1d8 SdFile.o
                0x00001e1a                _ZN6SdFile4openEPS_PKch
 .text._ZN6SdFile5writeEPKvj
                0x00001ff2      0x342 SdFile.o
                0x00001ff2                _ZN6SdFile5writeEPKvj
 .text._ZN6SdFile5writeEh
                0x00002334       0x22 SdFile.o
                0x00002334                _ZN6SdFile5writeEh
 .text._ZN8SdVolume10cacheFlushEv
                0x00002356       0x76 SdVolume.o
                0x00002356                _ZN8SdVolume10cacheFlushEv
 .text._ZN8SdVolume13cacheRawBlockEmh
                0x000023cc       0x76 SdVolume.o
                0x000023cc                _ZN8SdVolume13cacheRawBlockEmh
 .text._ZN8SdVolume14cacheZeroBlockEm
                0x00002442       0x48 SdVolume.o
                0x00002442                _ZN8SdVolume14cacheZeroBlockEm
 .text._ZNK8SdVolume6fatGetEmPm
                0x0000248a      0x106 SdVolume.o
                0x0000248a                _ZNK8SdVolume6fatGetEmPm
 .text._ZNK8SdVolume9chainSizeEmPm
                0x00002590       0xd2 SdVolume.o
                0x00002590                _ZNK8SdVolume9chainSizeEmPm
 .text._ZN8SdVolume6fatPutEmm
                0x00002662      0x142 SdVolume.o
                0x00002662                _ZN8SdVolume6fatPutEmm
 .text._ZN8SdVolume15allocContiguousEmPm
                0x000027a4      0x22a SdVolume.o
                0x000027a4                _ZN8SdVolume15allocContiguousEmPm
 .text._ZN8SdVolume9freeChainEm
                0x000029ce       0xac SdVolume.o
                0x000029ce                _ZN8SdVolume9freeChainEm
 .text._ZN8SdVolume4initEP7Sd2Cardh
                0x00002a7a      0x22e SdVolume.o
                0x00002a7a                _ZN8SdVolume4initEP7Sd2Cardh
 .text._Z10UpdateLedsv
                0x00002ca8       0x22 firmware.o
                0x00002ca8                _Z10UpdateLedsv
 .text._Z16UpdateStatusLedsv
                0x00002cca       0x82 firmware.o
                0x00002cca                _Z16UpdateStatusLedsv
 .text._ZN5SDLib4FileC2ERKS0_
                0x00002d4c       0x58 firmware.o
                0x00002d4c                _ZN5SDLib4FileC2ERKS0_
                0x00002d4c                _ZN5SDLib4FileC1ERKS0_
 .text._Z11timer0_initv
                0x00002da4       0x24 firmware.o
                0x00002da4                _Z11timer0_initv
 .text._Z13parseTextFileN5SDLib4FileEPhm
                0x00002dc8      0x146 firmware.o
                0x00002dc8                _Z13parseTextFileN5SDLib4FileEPhm
 .text._ZN5SDLib4FileaSERKS0_
                0x00002f0e       0x62 firmware.o
                0x00002f0e                _ZN5SDLib4FileaSERKS0_
 .text.startup.main
                0x00002f70      0x482 firmware.o
                0x00002f70                main
 .text.MsTimer_Init
                0x000033f2       0x14 MsTimer/MsTimer.o
                0x000033f2                MsTimer_Init
 .text.MsTimer_Start
                0x00003406       0x56 MsTimer/MsTimer.o
                0x00003406                MsTimer_Start
 .text.MsTimer_Stop
                0x0000345c       0x10 MsTimer/MsTimer.o
                0x0000345c                MsTimer_Stop
 .text.MsTimer_AddCallback
                0x0000346c       0x36 MsTimer/MsTimer.o
                0x0000346c                MsTimer_AddCallback
 .text.__vector_11
                0x000034a2       0xfa MsTimer/MsTimer.o
                0x000034a2                __vector_11
 .text.StatusLeds_Init
                0x0000359c        0x8 StatusLeds/StatusLeds.o
                0x0000359c                StatusLeds_Init
 .text.StatusLeds_Set
                0x000035a4       0x32 StatusLeds/StatusLeds.o
                0x000035a4                StatusLeds_Set
 .text.StatusLeds_Toggle
                0x000035d6       0x10 StatusLeds/StatusLeds.o
                0x000035d6                StatusLeds_Toggle
 .text.Tlc5941_Init
                0x000035e6       0x4c Tlc5941/Tlc5941.o
                0x000035e6                Tlc5941_Init
 .text.Tlc5941_SetAllGS
                0x00003632       0x30 Tlc5941/Tlc5941.o
                0x00003632                Tlc5941_SetAllGS
 .text.Tlc5941_SetGS
                0x00003662       0x4a Tlc5941/Tlc5941.o
                0x00003662                Tlc5941_SetGS
 .text.Tlc5941_SetAllDC
                0x000036ac       0x3a Tlc5941/Tlc5941.o
                0x000036ac                Tlc5941_SetAllDC
 .text.Tlc5941_SetDC
                0x000036e6       0x82 Tlc5941/Tlc5941.o
                0x000036e6                Tlc5941_SetDC
 .text.__vector_7
                0x00003768       0xb2 Tlc5941/Tlc5941.o
                0x00003768                __vector_7
 .text.startup  0x0000381a       0x5a C:\Users\James\AppData\Local\Temp\cco5nCQz.ltrans0.ltrans.o
 .text.avr-libc.fplib
                0x00003874       0x5e c:/program files (x86)/atmel/studio/7.0/toolchain/avr8/avr8-gnu-toolchain/bin/../lib/gcc/avr/5.4.0/../../../../avr/lib/avr5\libm.a(fixunssfsi.o)
                0x00003874                __fixunssfsi
 .text.avr-libc.fplib
                0x000038d2       0x7a c:/program files (x86)/atmel/studio/7.0/toolchain/avr8/avr8-gnu-toolchain/bin/../lib/gcc/avr/5.4.0/../../../../avr/lib/avr5\libm.a(floatsisf.o)
                0x000038d2                __floatunsisf
                0x000038d6                __floatsisf
 .text.avr-libc.fplib
                0x0000394c       0x44 c:/program files (x86)/atmel/studio/7.0/toolchain/avr8/avr8-gnu-toolchain/bin/../lib/gcc/avr/5.4.0/../../../../avr/lib/avr5\libm.a(fp_split3.o)
                0x0000394c                __fp_split3
                0x0000395c                __fp_splitA
 .text.avr-libc.fplib
                0x00003990        0xe c:/program files (x86)/atmel/studio/7.0/toolchain/avr8/avr8-gnu-toolchain/bin/../lib/gcc/avr/5.4.0/../../../../avr/lib/avr5\libm.a(fp_zero.o)
                0x00003990                __fp_zero
                0x00003992                __fp_szero
 .text.libgcc.mul
                0x0000399e       0x20 c:/program files (x86)/atmel/studio/7.0/toolchain/avr8/avr8-gnu-toolchain/bin/../lib/gcc/avr/5.4.0/avr5\libgcc.a(_mulsi3.o)
                0x0000399e                __mulsi3
 .text.libgcc.div
                0x000039be       0x44 c:/program files (x86)/atmel/studio/7.0/toolchain/avr8/avr8-gnu-toolchain/bin/../lib/gcc/avr/5.4.0/avr5\libgcc.a(_udivmodsi4.o)
                0x000039be                __udivmodsi4
 .text.libgcc   0x00003a02        0xc c:/program files (x86)/atmel/studio/7.0/toolchain/avr8/avr8-gnu-toolchain/bin/../lib/gcc/avr/5.4.0/avr5\libgcc.a(_tablejump2.o)
                0x00003a02                __tablejump2__
 .text.libgcc.mul
                0x00003a0e       0x16 c:/program files (x86)/atmel/studio/7.0/toolchain/avr8/avr8-gnu-toolchain/bin/../lib/gcc/avr/5.4.0/avr5\libgcc.a(_muluhisi3.o)
                0x00003a0e                __muluhisi3
 .text.libgcc.mul
                0x00003a24       0x1e c:/program files (x86)/atmel/studio/7.0/toolchain/avr8/avr8-gnu-toolchain/bin/../lib/gcc/avr/5.4.0/avr5\libgcc.a(_umulhisi3.o)
                0x00003a24                __umulhisi3
 .text.avr-libc
                0x00003a42      0x242 c:/program files (x86)/atmel/studio/7.0/toolchain/avr8/avr8-gnu-toolchain/bin/../lib/gcc/avr/5.4.0/../../../../avr/lib/avr5\libc.a(malloc.o)
                0x00003a42                malloc
                0x00003b72                free
 .text.avr-libc
                0x00003c84      0x1ea c:/program files (x86)/atmel/studio/7.0/toolchain/avr8/avr8-gnu-toolchain/bin/../lib/gcc/avr/5.4.0/../../../../avr/lib/avr5\libc.a(strtoul.o)
                0x00003c84                strtoul
 .text.avr-libc
                0x00003e6e       0x12 c:/program files (x86)/atmel/studio/7.0/toolchain/avr8/avr8-gnu-toolchain/bin/../lib/gcc/avr/5.4.0/../../../../avr/lib/avr5\libc.a(isspace.o)
                0x00003e6e                isspace
 .text.avr-libc
                0x00003e80       0x1a c:/program files (x86)/atmel/studio/7.0/toolchain/avr8/avr8-gnu-toolchain/bin/../lib/gcc/avr/5.4.0/../../../../avr/lib/avr5\libc.a(memcmp.o)
                0x00003e80                memcmp
 .text.avr-libc
                0x00003e9a       0x16 c:/program files (x86)/atmel/studio/7.0/toolchain/avr8/avr8-gnu-toolchain/bin/../lib/gcc/avr/5.4.0/../../../../avr/lib/avr5\libc.a(strchr.o)
                0x00003e9a                strchr
 .text.avr-libc
                0x00003eb0       0x1e c:/program files (x86)/atmel/studio/7.0/toolchain/avr8/avr8-gnu-toolchain/bin/../lib/gcc/avr/5.4.0/../../../../avr/lib/avr5\libc.a(strncpy.o)
                0x00003eb0                strncpy
 .text.avr-libc
                0x00003ece        0x6 c:/program files (x86)/atmel/studio/7.0/toolchain/avr8/avr8-gnu-toolchain/bin/../lib/gcc/avr/5.4.0/../../../../avr/lib/avr5\libc.a(cty_isfalse.o)
                0x00003ece                __ctype_isfalse
                0x00003ed2                __ctype_istrue
 .text.libgcc.prologue
                0x00003ed4       0x38 c:/program files (x86)/atmel/studio/7.0/toolchain/avr8/avr8-gnu-toolchain/bin/../lib/gcc/avr/5.4.0/avr5\libgcc.a(_prologue.o)
                0x00003ed4                __prologue_saves__
 .text.libgcc.prologue
                0x00003f0c       0x36 c:/program files (x86)/atmel/studio/7.0/toolchain/avr8/avr8-gnu-toolchain/bin/../lib/gcc/avr/5.4.0/avr5\libgcc.a(_epilogue.o)
                0x00003f0c                __epilogue_restores__
 .text.avr-libc
                0x00003f42        0xa c:/program files (x86)/atmel/studio/7.0/toolchain/avr8/avr8-gnu-toolchain/bin/../lib/gcc/avr/5.4.0/../../../../avr/lib/avr5\libc.a(abort.o)
                0x00003f42                abort
                0x00003f4c                . = ALIGN (0x2)
 *(.fini9)
 .fini9         0x00003f4c        0x0 c:/program files (x86)/atmel/studio/7.0/toolchain/avr8/avr8-gnu-toolchain/bin/../lib/gcc/avr/5.4.0/avr5\libgcc.a(_exit.o)
                0x00003f4c                _exit
                0x00003f4c                exit
 *(.fini9)
 *(.fini8)
 *(.fini8)
 *(.fini7)
 *(.fini7)
 *(.fini6)
 *(.fini6)
 *(.fini5)
 *(.fini5)
 *(.fini4)
 *(.fini4)
 *(.fini3)
 *(.fini3)
 *(.fini2)
 *(.fini2)
 *(.fini1)
 *(.fini1)
 *(.fini0)
 .fini0         0x00003f4c        0x4 c:/program files (x86)/atmel/studio/7.0/toolchain/avr8/avr8-gnu-toolchain/bin/../lib/gcc/avr/5.4.0/avr5\libgcc.a(_exit.o)
 *(.fini0)
                0x00003f50                _etext = .

.data           0x00800100       0x5c load address 0x00003f50
                0x00800100                PROVIDE (__data_start, .)
 *(.data)
 .data          0x00800100        0x6 c:/program files (x86)/atmel/studio/7.0/toolchain/avr8/avr8-gnu-toolchain/bin/../lib/gcc/avr/5.4.0/../../../../avr/lib/avr5\libc.a(malloc.o)
                0x00800100                __malloc_heap_end
                0x00800102                __malloc_heap_start
                0x00800104                __malloc_margin
 *(.data*)
 .data._ZN8SdVolume17cacheBlockNumber_E
                0x00800106        0x4 SdVolume.o
                0x00800106                _ZN8SdVolume17cacheBlockNumber_E
 *(.gnu.linkonce.d*)
 *(.rodata)
 .rodata        0x0080010a       0x12 C:\Users\James\AppData\Local\Temp\cco5nCQz.ltrans0.ltrans.o
 *(.rodata*)
 .rodata._ZTVN5SDLib4FileE
                0x0080011c       0x12 File.o
                0x0080011c                _ZTVN5SDLib4FileE
 .rodata.str1.1
                0x0080012e        0x2 SD.o
 .rodata._ZTV6SdFile
                0x00800130        0xc SdFile.o
                0x00800130                _ZTV6SdFile
 .rodata.str1.1
                0x0080013c       0x1c firmware.o
 .rodata.str1.1
                0x00800158        0x3 C:\Users\James\AppData\Local\Temp\cco5nCQz.ltrans0.ltrans.o
 *(.gnu.linkonce.r*)
                0x0080015c                . = ALIGN (0x2)
 *fill*         0x0080015b        0x1 
                0x0080015c                _edata = .
                0x0080015c                PROVIDE (__data_end, .)

.bss            0x0080015c      0x4bb
                0x0080015c                PROVIDE (__bss_start, .)
 *(.bss)
 .bss           0x0080015c       0xa6 C:\Users\James\AppData\Local\Temp\cco5nCQz.ltrans0.ltrans.o
                0x0080015c                Serial
 *(.bss*)
 .bss._ZN8SPIClass13interruptSaveE
                0x00800202        0x1 SPI.o
                0x00800202                _ZN8SPIClass13interruptSaveE
 .bss._ZN8SPIClass13interruptMaskE
                0x00800203        0x1 SPI.o
                0x00800203                _ZN8SPIClass13interruptMaskE
 .bss._ZN8SPIClass13interruptModeE
                0x00800204        0x1 SPI.o
                0x00800204                _ZN8SPIClass13interruptModeE
 .bss._ZN8SPIClass11initializedE
                0x00800205        0x1 SPI.o
                0x00800205                _ZN8SPIClass11initializedE
 .bss._ZN5SDLib2SDE
                0x00800206       0x49 SD.o
                0x00800206                _ZN5SDLib2SDE
 .bss._ZL20chip_select_asserted
                0x0080024f        0x1 Sd2Card.o
 .bss._ZL8settings
                0x00800250        0x2 Sd2Card.o
 .bss._ZN6SdFile9dateTime_E
                0x00800252        0x2 SdFile.o
                0x00800252                _ZN6SdFile9dateTime_E
 .bss._ZN8SdVolume17cacheMirrorBlock_E
                0x00800254        0x4 SdVolume.o
                0x00800254                _ZN8SdVolume17cacheMirrorBlock_E
 .bss._ZN8SdVolume11cacheDirty_E
                0x00800258        0x1 SdVolume.o
                0x00800258                _ZN8SdVolume11cacheDirty_E
 .bss._ZN8SdVolume7sdCard_E
                0x00800259        0x2 SdVolume.o
                0x00800259                _ZN8SdVolume7sdCard_E
 .bss._ZN8SdVolume12cacheBuffer_E
                0x0080025b      0x200 SdVolume.o
                0x0080025b                _ZN8SdVolume12cacheBuffer_E
 .bss.dataAvailableFlag
                0x0080045b        0x1 firmware.o
                0x0080045b                dataAvailableFlag
 .bss.System_state
                0x0080045c        0x1 firmware.o
                0x0080045c                System_state
 .bss.grayscaleCalibration
                0x0080045d       0x60 firmware.o
                0x0080045d                grayscaleCalibration
 .bss.dotCorrectionValues
                0x008004bd       0x60 firmware.o
                0x008004bd                dotCorrectionValues
 .bss.MsTimer_CallbackN
                0x0080051d        0x1 MsTimer/MsTimer.o
                0x0080051d                MsTimer_CallbackN
 .bss.xlatNeedsPulse.1972
                0x0080051e        0x1 Tlc5941/Tlc5941.o
 *(COMMON)
 COMMON         0x0080051f       0x18 MsTimer/MsTimer.o
                0x0080051f                MsTimer_Counter
                0x00800523                MsTimer_CallbackCounter
                0x0080052b                MsTimer_Callback
                0x0080052f                MsTimer_CallbackPeriod
 COMMON         0x00800537       0xda Tlc5941/Tlc5941.o
                0x00800537                Tlc5941_dcData
                0x0080057f                Tlc5941_dcUpdateFlag
                0x00800580                Tlc5941_gsUpdateFlag
                0x00800581                Tlc5941_gsData
 COMMON         0x00800611        0x4 c:/program files (x86)/atmel/studio/7.0/toolchain/avr8/avr8-gnu-toolchain/bin/../lib/gcc/avr/5.4.0/../../../../avr/lib/avr5\libc.a(malloc.o)
                0x00800611                __brkval
                0x00800613                __flp
 COMMON         0x00800615        0x2 c:/program files (x86)/atmel/studio/7.0/toolchain/avr8/avr8-gnu-toolchain/bin/../lib/gcc/avr/5.4.0/../../../../avr/lib/avr5\libc.a(errno.o)
                0x00800615                errno
                0x00800617                PROVIDE (__bss_end, .)
                0x00003f50                __data_load_start = LOADADDR (.data)
                0x00003fac                __data_load_end = (__data_load_start + SIZEOF (.data))

.noinit         0x00800617        0x0
                [!provide]                PROVIDE (__noinit_start, .)
 *(.noinit*)
                [!provide]                PROVIDE (__noinit_end, .)
                0x00800617                _end = .
                0x00800617                PROVIDE (__heap_start, .)

.eeprom         0x00810000        0x0
 *(.eeprom*)
                0x00810000                __eeprom_end = .

.fuse
 *(.fuse)
 *(.lfuse)
 *(.hfuse)
 *(.efuse)

.lock
 *(.lock*)

.signature
 *(.signature*)

.user_signatures
 *(.user_signatures*)

.stab
 *(.stab)

.stabstr
 *(.stabstr)

.stab.excl
 *(.stab.excl)

.stab.exclstr
 *(.stab.exclstr)

.stab.index
 *(.stab.index)

.stab.indexstr
 *(.stab.indexstr)

.comment        0x00000000       0x5c
 *(.comment)
 .comment       0x00000000       0x30 SPI.o
                                 0x31 (size before relaxing)
 .comment       0x00000030       0x31 File.o
 .comment       0x00000030       0x31 SD.o
 .comment       0x00000030       0x31 Sd2Card.o
 .comment       0x00000030       0x31 SdFile.o
 .comment       0x00000030       0x31 SdVolume.o
 .comment       0x00000030       0x31 firmware.o
 .comment       0x00000030       0x31 MsTimer/MsTimer.o
 .comment       0x00000030       0x31 StatusLeds/StatusLeds.o
 .comment       0x00000030       0x31 Tlc5941/Tlc5941.o
 .comment       0x00000030       0x31 C:\Users\James\AppData\Local\Temp\cco5nCQz.ltrans0.ltrans.o
 .comment       0x00000030       0x31 c:/program files (x86)/atmel/studio/7.0/toolchain/avr8/avr8-gnu-toolchain/bin/../lib/gcc/avr/5.4.0/../../../../avr/lib/avr5\libc.a(malloc.o)
 .comment       0x00000030       0x31 c:/program files (x86)/atmel/studio/7.0/toolchain/avr8/avr8-gnu-toolchain/bin/../lib/gcc/avr/5.4.0/../../../../avr/lib/avr5\libc.a(strtoul.o)
 .comment       0x00000030       0x2c c:/program files (x86)/atmel/studio/7.0/toolchain/avr8/avr8-gnu-toolchain/bin/../lib/gcc/avr/5.4.0/../../../../avr/lib/avr5\libc.a(errno.o)
                                 0x2d (size before relaxing)

.note.gnu.avr.deviceinfo
                0x00000000       0x3c
 .note.gnu.avr.deviceinfo
                0x00000000       0x3c c:/program files (x86)/atmel/studio/7.0/toolchain/avr8/avr8-gnu-toolchain/bin/../lib/gcc/avr/5.4.0/../../../../avr/lib/avr5/crtatmega328.o

.note.gnu.build-id
 *(.note.gnu.build-id)

.debug
 *(.debug)

.line
 *(.line)

.debug_srcinfo
 *(.debug_srcinfo)

.debug_sfnames
 *(.debug_sfnames)

.debug_aranges  0x00000000      0x558
 *(.debug_aranges)
 .debug_aranges
                0x00000000       0x38 SPI.o
 .debug_aranges
                0x00000038       0xb0 File.o
 .debug_aranges
                0x000000e8       0xb8 SD.o
 .debug_aranges
                0x000001a0       0xf8 Sd2Card.o
 .debug_aranges
                0x00000298      0x140 SdFile.o
 .debug_aranges
                0x000003d8       0x60 SdVolume.o
 .debug_aranges
                0x00000438       0x60 firmware.o
 .debug_aranges
                0x00000498       0x40 MsTimer/MsTimer.o
 .debug_aranges
                0x000004d8       0x30 StatusLeds/StatusLeds.o
 .debug_aranges
                0x00000508       0x50 Tlc5941/Tlc5941.o

.debug_pubnames
 *(.debug_pubnames)

.debug_info     0x00000000    0x17592
 *(.debug_info .gnu.linkonce.wi.*)
 .debug_info    0x00000000      0x5f4 c:/program files (x86)/atmel/studio/7.0/toolchain/avr8/avr8-gnu-toolchain/bin/../lib/gcc/avr/5.4.0/../../../../avr/lib/avr5/crtatmega328.o
 .debug_info    0x000005f4      0x701 SPI.o
 .debug_info    0x00000cf5     0x29cd File.o
 .debug_info    0x000036c2     0x4b83 SD.o
 .debug_info    0x00008245     0x30dd Sd2Card.o
 .debug_info    0x0000b322     0x4ec9 SdFile.o
 .debug_info    0x000101eb     0x26db SdVolume.o
 .debug_info    0x000128c6     0x4561 firmware.o
 .debug_info    0x00016e27      0x283 MsTimer/MsTimer.o
 .debug_info    0x000170aa      0x190 StatusLeds/StatusLeds.o
 .debug_info    0x0001723a      0x358 Tlc5941/Tlc5941.o

.debug_abbrev   0x00000000     0x3448
 *(.debug_abbrev)
 .debug_abbrev  0x00000000      0x5a2 c:/program files (x86)/atmel/studio/7.0/toolchain/avr8/avr8-gnu-toolchain/bin/../lib/gcc/avr/5.4.0/../../../../avr/lib/avr5/crtatmega328.o
 .debug_abbrev  0x000005a2      0x294 SPI.o
 .debug_abbrev  0x00000836      0x50d File.o
 .debug_abbrev  0x00000d43      0x810 SD.o
 .debug_abbrev  0x00001553      0x64e Sd2Card.o
 .debug_abbrev  0x00001ba1      0x860 SdFile.o
 .debug_abbrev  0x00002401      0x57a SdVolume.o
 .debug_abbrev  0x0000297b      0x7b5 firmware.o
 .debug_abbrev  0x00003130      0x11c MsTimer/MsTimer.o
 .debug_abbrev  0x0000324c       0xd8 StatusLeds/StatusLeds.o
 .debug_abbrev  0x00003324      0x124 Tlc5941/Tlc5941.o

.debug_line     0x00000000     0x4606
 *(.debug_line .debug_line.* .debug_line_end)
 .debug_line    0x00000000       0x1a c:/program files (x86)/atmel/studio/7.0/toolchain/avr8/avr8-gnu-toolchain/bin/../lib/gcc/avr/5.4.0/../../../../avr/lib/avr5/crtatmega328.o
 .debug_line    0x0000001a      0x37d SPI.o
 .debug_line    0x00000397      0x64f File.o
 .debug_line    0x000009e6      0x8a1 SD.o
 .debug_line    0x00001287      0xbf0 Sd2Card.o
 .debug_line    0x00001e77     0x12c0 SdFile.o
 .debug_line    0x00003137      0x636 SdVolume.o
 .debug_line    0x0000376d      0x880 firmware.o
 .debug_line    0x00003fed      0x1a7 MsTimer/MsTimer.o
 .debug_line    0x00004194      0x119 StatusLeds/StatusLeds.o
 .debug_line    0x000042ad      0x359 Tlc5941/Tlc5941.o

.debug_frame    0x00000000     0x15e8
 *(.debug_frame)
 .debug_frame   0x00000000       0x5c SPI.o
 .debug_frame   0x0000005c      0x1d0 File.o
 .debug_frame   0x0000022c      0x324 SD.o
 .debug_frame   0x00000550      0x43c Sd2Card.o
 .debug_frame   0x0000098c      0x708 SdFile.o
 .debug_frame   0x00001094      0x27c SdVolume.o
 .debug_frame   0x00001310      0x128 firmware.o
 .debug_frame   0x00001438       0xc4 MsTimer/MsTimer.o
 .debug_frame   0x000014fc       0x44 StatusLeds/StatusLeds.o
 .debug_frame   0x00001540       0xa8 Tlc5941/Tlc5941.o

.debug_str      0x00000000     0x4945
 *(.debug_str)
 .debug_str     0x00000000      0x208 c:/program files (x86)/atmel/studio/7.0/toolchain/avr8/avr8-gnu-toolchain/bin/../lib/gcc/avr/5.4.0/../../../../avr/lib/avr5/crtatmega328.o
 .debug_str     0x00000208      0x679 SPI.o
                                0x6c3 (size before relaxing)
 .debug_str     0x00000881     0x18e4 File.o
                               0x1beb (size before relaxing)
 .debug_str     0x00002165     0x1766 SD.o
                               0x2c5f (size before relaxing)
 .debug_str     0x000038cb      0x15d Sd2Card.o
                               0x12e9 (size before relaxing)
 .debug_str     0x00003a28      0x906 SdFile.o
                               0x271f (size before relaxing)
 .debug_str     0x0000432e      0x117 SdVolume.o
                               0x1aee (size before relaxing)
 .debug_str     0x00004445      0x33b firmware.o
                               0x2eb0 (size before relaxing)
 .debug_str     0x00004780      0x135 MsTimer/MsTimer.o
                                0x27e (size before relaxing)
 .debug_str     0x000048b5       0x22 StatusLeds/StatusLeds.o
                                0x1f0 (size before relaxing)
 .debug_str     0x000048d7       0x6e Tlc5941/Tlc5941.o
                                0x26d (size before relaxing)

.debug_loc      0x00000000     0x92de
 *(.debug_loc)
 .debug_loc     0x00000000      0x1e4 SPI.o
 .debug_loc     0x000001e4      0x8ed File.o
 .debug_loc     0x00000ad1     0x17f1 SD.o
 .debug_loc     0x000022c2     0x2097 Sd2Card.o
 .debug_loc     0x00004359     0x332c SdFile.o
 .debug_loc     0x00007685     0x1001 SdVolume.o
 .debug_loc     0x00008686      0x59a firmware.o
 .debug_loc     0x00008c20      0x17d MsTimer/MsTimer.o
 .debug_loc     0x00008d9d       0x74 StatusLeds/StatusLeds.o
 .debug_loc     0x00008e11      0x4cd Tlc5941/Tlc5941.o

.debug_macinfo
 *(.debug_macinfo)

.debug_weaknames
 *(.debug_weaknames)

.debug_funcnames
 *(.debug_funcnames)

.debug_typenames
 *(.debug_typenames)

.debug_varnames
 *(.debug_varnames)

.debug_pubtypes
 *(.debug_pubtypes)

.debug_ranges   0x00000000      0x730
 *(.debug_ranges)
 .debug_ranges  0x00000000       0x28 SPI.o
 .debug_ranges  0x00000028       0xa0 File.o
 .debug_ranges  0x000000c8       0xc0 SD.o
 .debug_ranges  0x00000188       0xe8 Sd2Card.o
 .debug_ranges  0x00000270      0x310 SdFile.o
 .debug_ranges  0x00000580       0x68 SdVolume.o
 .debug_ranges  0x000005e8       0xb8 firmware.o
 .debug_ranges  0x000006a0       0x30 MsTimer/MsTimer.o
 .debug_ranges  0x000006d0       0x20 StatusLeds/StatusLeds.o
 .debug_ranges  0x000006f0       0x40 Tlc5941/Tlc5941.o

.debug_macro
 *(.debug_macro)
OUTPUT(firmware.elf elf32-avr)
LOAD linker stubs
